  Determining projects to restore...
  All projects are up-to-date for restore.
C:\Users\Alex\OneDrive - Stichting Hogeschool Utrecht\Documenten\Antigravity\StageManagementSystem\Services\DatabaseService.cs(18,54): error CS1061: 'DatabaseFacade' does not contain a definition for 'GetDbConnection' and no accessible extension method 'GetDbConnection' accepting a first argument of type 'DatabaseFacade' could be found (are you missing a using directive or an assembly reference?) [C:\Users\Alex\OneDrive - Stichting Hogeschool Utrecht\Documenten\Antigravity\StageManagementSystem\StageManagementSystem_lgqbxxtt_wpftmp.csproj]
C:\Users\Alex\OneDrive - Stichting Hogeschool Utrecht\Documenten\Antigravity\StageManagementSystem\Services\DatabaseService.cs(20,34): error CS1061: 'DatabaseFacade' does not contain a definition for 'OpenConnection' and no accessible extension method 'OpenConnection' accepting a first argument of type 'DatabaseFacade' could be found (are you missing a using directive or an assembly reference?) [C:\Users\Alex\OneDrive - Stichting Hogeschool Utrecht\Documenten\Antigravity\StageManagementSystem\StageManagementSystem_lgqbxxtt_wpftmp.csproj]
C:\Users\Alex\OneDrive - Stichting Hogeschool Utrecht\Documenten\Antigravity\StageManagementSystem\Services\DatabaseService.cs(22,34): error CS1061: 'DatabaseFacade' does not contain a definition for 'CloseConnection' and no accessible extension method 'CloseConnection' accepting a first argument of type 'DatabaseFacade' could be found (are you missing a using directive or an assembly reference?) [C:\Users\Alex\OneDrive - Stichting Hogeschool Utrecht\Documenten\Antigravity\StageManagementSystem\StageManagementSystem_lgqbxxtt_wpftmp.csproj]

Build FAILED.

C:\Users\Alex\OneDrive - Stichting Hogeschool Utrecht\Documenten\Antigravity\StageManagementSystem\Services\DatabaseService.cs(18,54): error CS1061: 'DatabaseFacade' does not contain a definition for 'GetDbConnection' and no accessible extension method 'GetDbConnection' accepting a first argument of type 'DatabaseFacade' could be found (are you missing a using directive or an assembly reference?) [C:\Users\Alex\OneDrive - Stichting Hogeschool Utrecht\Documenten\Antigravity\StageManagementSystem\StageManagementSystem_lgqbxxtt_wpftmp.csproj]
C:\Users\Alex\OneDrive - Stichting Hogeschool Utrecht\Documenten\Antigravity\StageManagementSystem\Services\DatabaseService.cs(20,34): error CS1061: 'DatabaseFacade' does not contain a definition for 'OpenConnection' and no accessible extension method 'OpenConnection' accepting a first argument of type 'DatabaseFacade' could be found (are you missing a using directive or an assembly reference?) [C:\Users\Alex\OneDrive - Stichting Hogeschool Utrecht\Documenten\Antigravity\StageManagementSystem\StageManagementSystem_lgqbxxtt_wpftmp.csproj]
C:\Users\Alex\OneDrive - Stichting Hogeschool Utrecht\Documenten\Antigravity\StageManagementSystem\Services\DatabaseService.cs(22,34): error CS1061: 'DatabaseFacade' does not contain a definition for 'CloseConnection' and no accessible extension method 'CloseConnection' accepting a first argument of type 'DatabaseFacade' could be found (are you missing a using directive or an assembly reference?) [C:\Users\Alex\OneDrive - Stichting Hogeschool Utrecht\Documenten\Antigravity\StageManagementSystem\StageManagementSystem_lgqbxxtt_wpftmp.csproj]
    0 Warning(s)
    3 Error(s)

Time Elapsed 00:00:03.03
